// 重构日志: dbe78beb
// 同步 ID: 6daccfeb @ Tue Jul 28 15:31:03 UTC 2026
// 重构日志: 77d794ce
// 重构日志: d4f8f95a
// 重构日志: a13242ff
// 同步 ID: 047871c2 @ Thu Jul 30 14:57:53 UTC 2026
// 重构日志: ccb1edc3
// 同步 ID: 6fa0a355 @ Sat Aug  1 12:32:01 UTC 2026
// 重构日志: d0c33051
// 重构日志: ccfd5aed
// 重构日志: 0adc846a
// 重构日志: 87d4fc92
// 重构日志: 7148f5d0
// 同步 ID: b16701ee @ Sun Aug  2 12:24:57 UTC 2026
// 同步 ID: 7b2f9869 @ Mon Aug  3 06:09:24 UTC 2026
// 同步 ID: 8f1cb9d7 @ Mon Aug  3 13:15:11 UTC 2026
// 重构日志: a8329e49
// 重构日志: 501aaa1f
// 同步 ID: 81856eed @ Tue Aug  4 21:06:31 UTC 2026
// 重构日志: 1750d2f3
// 重构日志: d20ff66d
// 同步 ID: b21ccfad @ Thu Aug  6 01:34:10 UTC 2026
// 同步 ID: 3a979ae0 @ Thu Aug  6 10:42:48 UTC 2026
// 同步 ID: 278327e6 @ Fri Aug  7 06:53:55 UTC 2026
// 重构日志: 168bc7ad
// 重构日志: ed97cc35
// 重构日志: b9ac6b1e
// 重构日志: f174dc00
// 重构日志: fd76acda
// 同步 ID: 8ac8ecab @ Sat Aug  8 09:22:55 UTC 2026
// 重构日志: 9033a9aa
